Cloudstic — Content-Addressable Backup System

USAGE
  cloudstic <command> [options]

COMMANDS
  init               Initialize a new repository (must run before first backup)
  backup             Create a new backup snapshot from a source
  auth new           Create or update a reusable cloud auth entry
  auth list          List auth entries from profiles.yaml
  auth show          Show one auth entry
  auth login         Run OAuth login flow for one auth entry
  store new          Create or update a store entry in profiles.yaml
  store list         List configured stores
  store show         Show one store and its configuration
  store verify       Verify one store's credentials and connectivity
  store init         Initialize a configured store by reference
  source discover    Discover local source candidates for onboarding
  setup workstation  Guide workstation onboarding and profile scaffolding
  tui                Launch the interactive terminal dashboard
  profile new        Create or update a backup profile in profiles.yaml
  profile list       List stores, auth entries, and backup profiles
  profile show       Show one profile and resolved store/auth references
  restore            Restore files from a backup snapshot
  list               List all backup snapshots in the repository
  ls                 List files within a specific snapshot
  find               Locate a file across every snapshot in the repository
  prune              Remove unused data chunks from the repository
  forget             Remove a specific snapshot from history
  diff               Compare two snapshots or a snapshot against latest
  copy               Copy snapshots from another repository into this one
  break-lock         Remove a stale repository lock left by a crashed process
  key list           List all encryption key slots in the repository
  key add-recovery   Generate a 24-word recovery key for an encrypted repository
  key passwd         Change the repository password
  check              Verify repository integrity (reference chain, objects, data)
  cat                Display raw JSON content of repository objects
  completion         Generate shell completion scripts (bash, zsh, fish)

GLOBAL OPTIONS (also settable via environment variables)
    -store <uri>                    Storage backend URI: local:<path>, s3:<bucket>[/<prefix>], b2:<bucket>[/<prefix>], sftp://[user@]host[:port]/<path>  [env: CLOUDSTIC_STORE]
    -profile <name>                 Profile name from profiles.yaml  [env: CLOUDSTIC_PROFILE]
    -profiles-file <path>           Path to profiles YAML file  [env: CLOUDSTIC_PROFILES_FILE]
    -s3-endpoint <url>              S3 compatible endpoint URL (for MinIO, R2, etc.)  [env: CLOUDSTIC_S3_ENDPOINT]
    -s3-region <region>             S3 region  [env: CLOUDSTIC_S3_REGION]
    -s3-profile <name>              AWS shared config profile for S3 credentials  [env: CLOUDSTIC_S3_PROFILE]
    -s3-access-key <key>            S3 access key ID  [env: AWS_ACCESS_KEY_ID]
    -s3-secret-key <secret>         S3 secret access key  [env: AWS_SECRET_ACCESS_KEY]
    -b2-key-id <key-id>             Backblaze B2 application key ID  [env: B2_KEY_ID]
    -b2-app-key <key>               Backblaze B2 application key  [env: B2_APP_KEY]
    -disable-packfile               Disable bundling small objects into 8MB packs  [env: CLOUDSTIC_DISABLE_PACKFILE]
    -store-sftp-password <pw>       SFTP store password  [env: CLOUDSTIC_STORE_SFTP_PASSWORD]
    -store-sftp-key <path>          Path to SSH private key for SFTP store  [env: CLOUDSTIC_STORE_SFTP_KEY]
    -store-sftp-insecure            Skip host key validation for SFTP store (INSECURE)  [env: CLOUDSTIC_STORE_SFTP_INSECURE]
    -store-sftp-known-hosts <path>  Path to known_hosts file for SFTP store  [env: CLOUDSTIC_STORE_SFTP_KNOWN_HOSTS]
    -source-sftp-password <pw>      SFTP source password  [env: CLOUDSTIC_SOURCE_SFTP_PASSWORD]
    -source-sftp-key <path>         Path to SSH private key for SFTP source  [env: CLOUDSTIC_SOURCE_SFTP_KEY]
    -source-sftp-insecure           Skip host key validation for SFTP source (INSECURE)  [env: CLOUDSTIC_SOURCE_SFTP_INSECURE]
    -source-sftp-known-hosts <path> Path to known_hosts file for SFTP source  [env: CLOUDSTIC_SOURCE_SFTP_KNOWN_HOSTS]
    -verbose                        Log detailed file-level operations
    -quiet                          Suppress progress bars (keeps final summary)
    -json                           Write command result as JSON to stdout
    -debug                          Log every store request (network calls, timing, sizes)
    -config-dir <path>              Directory for profiles, tokens, and other state  [env: CLOUDSTIC_CONFIG_DIR]
    -no-prompt                      Disable interactive prompts (for scripts and CI)

  Store URI formats:
    local:<path>                       e.g. local:./backup_store
    s3:<bucket>[/<prefix>]             e.g. s3:my-bucket or s3:my-bucket/prod
    b2:<bucket>[/<prefix>]             e.g. b2:my-bucket or b2:my-bucket/prod
    sftp://[user@]host[:port]/<path>   e.g. sftp://backup@host.com/backups

ENCRYPTION OPTIONS
    -password <pw>                  Repository password  [env: CLOUDSTIC_PASSWORD]
    -encryption-key <hex>           Platform key (hex-encoded, 32 bytes)  [env: CLOUDSTIC_ENCRYPTION_KEY]
    -recovery-key <words>           Recovery key (BIP39 24-word mnemonic)  [env: CLOUDSTIC_RECOVERY_KEY]
    -kms-key-arn <arn>              AWS KMS key ARN for kms-platform slots  [env: CLOUDSTIC_KMS_KEY_ARN]
    -kms-region <region>            AWS KMS region (defaults to us-east-1)  [env: CLOUDSTIC_KMS_REGION]
    -kms-endpoint <url>             Custom AWS KMS endpoint URL  [env: CLOUDSTIC_KMS_ENDPOINT]
    -prompt                         Prompt for password interactively (use alongside --encryption-key or --kms-key-arn to add a password layer)

  Encryption is required by default (AES-256-GCM). Provide -password
  or -encryption-key when running 'cloudstic init'. Use -recovery-key to
  open a repository with a recovery seed phrase.

EXAMPLES
  $ cloudstic init -password "my secret passphrase"
  $ cloudstic backup -source local:./documents
  $ cloudstic backup -source gdrive -store b2:my-bucket
  $ cloudstic list
  $ cloudstic restore abc123 -output ./my-backup.zip
  $ cloudstic restore abc123 -format dir -output ./restored
  $ cloudstic forget --keep-last 10 --prune
  $ cloudstic check -read-data

  Run 'cloudstic <command> -h' for command-specific help.

